// Jest Snapshot v1, https://goo.gl/fbAQLP

exports[`App component tests matches snapshot 1`] = `
<div
  className="App"
>
  <div
    className="liveSearch"
  >
    <input
      className="liveSearch-input"
      id="liveSearchInput"
      onBlur={[Function]}
      onChange={[Function]}
      onFocus={[Function]}
      onMouseDown={[Function]}
      placeholder="Choose Manager"
      type="text"
      value=""
    />
  </div>
</div>
`;
